Error: ./src/repl/lua/grlang.lua:80: attempt to call a nil value (field 'sort')
